# name: TestClass.test_name
    this is in a test class
---
# name: test_dict[actual0]
    {'b': True, 'c': 'Some text.', 'd': ['1', 2], 'a': {'e': False}}
---
# name: test_dict[actual1]
    {'b': True, 'c': 'Some ttext.', 'd': ['1', 2], 'a': {'e': False}}
---
# name: test_empty_snapshot
    None
---
# name: test_empty_snapshot.1
    
---
# name: test_multiple_snapshots
    First.
---
# name: test_multiple_snapshots.1
    Second.
---
# name: test_multiple_snapshots.2
    Third.
---
# name: test_set
    {'is', 'this', 'a', 'set'}
---
# name: test_string[0]
    
---
# name: test_string[1]
    Raw string
---
# name: test_string[2]
    Escaped \n
---
# name: test_string[3]
    Backslash \u U
---
# name: test_string[4]
    🥞🐍🍯
---
# name: test_string[5]
    singleline:
---
# name: test_string[6]
    - singleline
---
# name: test_string[7]
    multi-line
    line 2
    line 3
---
# name: test_string[8]
    multi-line
    line 2
      line 3
---
# name: test_tuple
    ('this', 'is', ('a', 'tuple'))
---
# name: test_tuple.1
    ExampleTuple(a='this', b='is', c='a', d={'named', 'tuple'})
---
