# serializer version: 1
# name: test_filters_error_prop[path_filter]
  WithNested(
    include_me='prop value',
    nested=CustomClass(
      include_me='prop value',
    ),
  )
# ---
# name: test_filters_error_prop[prop_filter]
  WithNested(
    include_me='prop value',
    nested=CustomClass(
      include_me='prop value',
    ),
  )
# ---
# name: test_filters_expected_paths
  dict({
    'list': list([
      2,
    ]),
    'nested': dict({
      'other': 'value',
    }),
  })
# ---
# name: test_filters_expected_props
  dict({
    'list': list([
      2,
    ]),
    'nested': dict({
      'other': 'value',
    }),
  })
# ---
